// Jest Snapshot v1, https://goo.gl/fbAQLP

exports[`Contact should match snapshot 1`] = `
.c0 {
  margin: 2em auto;
  padding: 0 1em;
  max-width: 550px;
}

.c1 {
  padding: 1em;
  margin-left: 1em;
  border-left: 1px solid;
}

.c2 {
  margin: 0.5em 0 0.5em 0.5em;
  display: grid;
  grid-template-columns: 20px 1fr;
  grid-column-gap: 6px;
  grid-row-gap: 3px;
  grid-auto-flow: row;
}

@media only screen and (max-width:600px) {
  .c0 {
    padding: 0 0.5em;
  }
}

<section
  class="c0"
>
  <h2>
    Contact Me
  </h2>
  <div
    class="c1"
  >
    <div
      class="c2"
      role="list"
    >
      <div
        role="img"
      >
        ðŸ’»
      </div>
      <div
        role="listitem"
      >
        <a
          href="https://github.com/laneysmith"
        >
          github.com/laneysmith
        </a>
      </div>
      <div
        role="img"
      >
        ðŸ‘”
      </div>
      <div
        role="listitem"
      >
        <a
          href="https://linkedin.com/in/laneysmith"
        >
          linkedin.com/in/laneysmith
        </a>
      </div>
      <div
        role="img"
      >
        ðŸ“¨
      </div>
      <div
        role="listitem"
      >
        <a
          href="mailto:lsmith.unc@gmail.com"
        >
          email
        </a>
      </div>
    </div>
  </div>
</section>
`;
