// Jest Snapshot v1, https://goo.gl/fbAQLP

exports[`ThemePicker should match snapshot 1`] = `
.c0 {
  text-align: right;
  width: 100%;
}

.c1 {
  border: 1px solid;
  border-radius: 3px;
  font-size: 1em;
  font-weight: 500;
  -webkit-text-decoration: none;
  text-decoration: none;
  padding: 6px 8px;
  margin: 0 0 0 0.5em;
}

.c1:hover {
  -webkit-text-decoration: underline;
  text-decoration: underline;
  cursor: pointer;
}

.c1:disabled {
  opacity: 0.8;
}

.c1:disabled:hover {
  -webkit-text-decoration: none;
  text-decoration: none;
  cursor: default;
}

.c1:focus {
  outline: none;
}

@media only screen and (max-width:600px) {
  .c0 {
    padding-right: 0.5em;
  }
}

<div
  class="c0"
>
  <b>
    Theme:
  </b>
  <button
    class="c1"
    disabled=""
    id="light-theme-btn"
    type="button"
  >
    light
  </button>
  <button
    class="c1"
    id="dark-theme-btn"
    type="button"
  >
    dark
  </button>
  <button
    class="c1"
    id="rainbow-theme-btn"
    type="button"
  >
    rainbow
  </button>
</div>
`;
