// Jest Snapshot v1, https://goo.gl/fbAQLP

exports[`Contact should match snapshot 1`] = `
.c0 {
  margin: 0 0 0.8125rem 0;
  padding: 0 0.8125rem;
}

.c1 {
  padding: 0.8125rem 0 0.8125rem 0.8125rem;
  margin-left: 0.8125rem;
  border-left: 1px solid;
}

.c2 {
  margin: 0.5em 0 0.5em 0.5em;
  display: grid;
  grid-template-columns: 20px 1fr;
  grid-column-gap: 8px;
  grid-row-gap: 4px;
  grid-auto-flow: row;
}

.c2 > [role='img'] {
  font-size: 1.2em;
}

@media only screen and (max-width:600px) {
  .c0 {
    padding: 0;
  }
}

<section
  class="c0"
  id="contact-section"
>
  <h3>
    Contact Me
  </h3>
  <main
    class="c1"
  >
    <div
      class="c2"
      role="list"
    >
      <div
        role="img"
      >
        ğŸ’¾
      </div>
      <div
        role="listitem"
      >
        <a
          href="https://github.com/my-github-username"
        >
          github.com/
          my-github-username
        </a>
      </div>
      <div
        role="img"
      >
        ğŸ‘”
      </div>
      <div
        role="listitem"
      >
        <a
          href="https://linkedin.com/in/my-linkedin-username"
        >
          linkedin.com/in/
          my-linkedin-username
        </a>
      </div>
      <div
        role="img"
      >
        ğŸ“¨
      </div>
      <div
        role="listitem"
      >
        <a
          href="mailto:me@theinternet.com"
        >
          me@theinternet.com
        </a>
      </div>
    </div>
  </main>
</section>
`;
