// Jest Snapshot v1, https://goo.gl/fbAQLP

exports[`Contact should match snapshot 1`] = `
.c0 {
  margin: 0 0 0.8125rem 0;
  padding: 0 0.8125rem;
}

.c1 {
  padding: 0.8125rem 0 0.8125rem 0.8125rem;
  margin-left: 0.8125rem;
  border-left: 1px solid;
}

.c2 {
  list-style: none;
  padding: 0;
  margin: 0.40625rem 0 0.40625rem 0.40625rem;
}

.c3 {
  position: relative;
  margin-left: 1.625rem;
}

.c3::before {
  content: 'ðŸ’¾';
  position: absolute;
  left: -1.625rem;
}

.c4 {
  position: relative;
  margin-left: 1.625rem;
}

.c4::before {
  content: 'ðŸ‘”';
  position: absolute;
  left: -1.625rem;
}

.c5 {
  position: relative;
  margin-left: 1.625rem;
}

.c5::before {
  content: 'ðŸ“¨';
  position: absolute;
  left: -1.625rem;
}

@media only screen and (max-width:600px) {
  .c0 {
    padding: 0;
  }
}

<section
  class="c0"
>
  <h2>
    Contact me
  </h2>
  <div
    class="c1"
  >
    <ul
      class="c2"
    >
      <li
        class="c3"
      >
        <a
          href="https://github.com/my-github-username"
        >
          github.com/
          my-github-username
        </a>
      </li>
      <li
        class="c4"
      >
        <a
          href="https://linkedin.com/in/my-linkedin-username"
        >
          linkedin.com/in/
          my-linkedin-username
        </a>
      </li>
      <li
        class="c5"
      >
        <a
          href="mailto:me@theinternet.com"
        >
          me@theinternet.com
        </a>
      </li>
    </ul>
  </div>
</section>
`;
